%% Zoottelkeeper: Beginning of the autogenerated index file list  %%
-  [[00 - Contribute to the Obsidian Hub/🗂️ 00 - Contribute to the Obsidian Hub|🗂️ 00 - Contribute to the Obsidian Hub]]
-  [[01 - Community/🗂️ 01 - Community|🗂️ 01 - Community]]
-  [[02 - Community Expansions/🗂️ 02 - Community Expansions|🗂️ 02 - Community Expansions]]
-  [[03 - Showcases & Templates/🗂️ 03 - Showcases & Templates|🗂️ 03 - Showcases & Templates]]
-  [[04 - Guides, Workflows, & Courses/🗂️ 04 - Guides, Workflows, & Courses|🗂️ 04 - Guides, Workflows, & Courses]]
-  [[05 - Concepts/🗂️ 05 - Concepts|🗂️ 05 - Concepts]]
-  [[06 - Inbox/🗂️ 06 - Inbox|🗂️ 06 - Inbox]]
-  [[../00 - Start here|00 - Start here]]
-  [[../CONTRIBUTING|CONTRIBUTING]]
-  [[../README|README]]
-  [[../logo.svg|logo.svg]]
-  [[../publish.css|publish.css]]
%% Zoottelkeeper: End of the autogenerated index file list  %%
