base-name of moc in directory

.. => 🗂️ hub
Events => 🗂️ Events
