---
aliases:
- Literature note templates
tags: 
- MOC
---

# Literature notes

#placeholder/description 

## MOC

%% Zoottelkeeper: Beginning of the autogenerated index file list  %%
-  [[test/dir 1/🗂️ dir 1|🗂️ dir 1]]
-  [[test/Dir 2/🗂️ Dir 2|🗂️ Dir 2]]
-  [[test/File 1|File 1]]
-  [[test/File 2|File 2]]
%% Zoottelkeeper: End of the autogenerated index file list  %%

## Contributing

![[Contributing templates to the community vault]]
