- [[01 - Topic 1/01.02 Subtopic/File 1|File 1]]
- [[01 - Topic 1/01.02 Subtopic/File 2|File 2]]
