-  [[Authors - Persons]]
-  [[Events]]
-  [[Obsidian Roundup]]
-  [[Video Channels]]
