- [[01 - Topic 1/01.02 Subtopic/README|README]]
- [[01 - Topic 1/01.02 Subtopic/publish.css|publish.css]]
- [[01 - Topic 1/01.02 Subtopic/logo.svg|logo.svg]]
- [[01 - Topic 1/01.02 Subtopic/File 1|File 1]]
- [[01 - Topic 1/01.02 Subtopic/File 2|File 2]]
